// Jest Snapshot v1, https://goo.gl/fbAQLP

exports[`matches snapshot 1`] = `
<DocumentFragment>
  <li
    aria-label="Hulk (2008) #55"
    class="bg-black text-white overflow-hidden relative z-0
    after:absolute after:content[\\"\\"] after:z-1 after:bottom-0 after:right-0 after:border-8 after:border-t-transparent after:border-r-white after:border-b-white after:border-l-transparent
  "
  >
    <picture
      class="relative after:absolute after:content[\\"\\"] after:bg-red after:h-1 after:w-full after:left-0 after:-bottom-0.5"
    />
    <div
      class="relative z-0 h-40 p-3 before:absolute before:transition-[max-height] before:ease-in-out before:delay-s before:duration-l before:content[\\"\\"] before:h-[105%] before:max-h-[0px] before:bg-red before:w-full before:left-0 before:-top-0.5 before:z-[-1] group-hover:before:max-h-[300px]"
    >
      <h3
        class="mb-2 font-semibold uppercase text-sm leading-5 line-clamp-3"
      >
        Hulk (2008) #55
      </h3>
      <p
        class="text-xs leading-5 line-clamp-3"
      >
        The hands of the doomsday clock race towards MAYAN RULE! Former Avengers arrive to help stop the end of the world as more Mayan gods return. Rick "A-Bomb" Jones falls in battle!
      </p>
    </div>
  </li>
</DocumentFragment>
`;
